// Jest Snapshot v1, https://goo.gl/fbAQLP

exports[`GB and NI survey file uploads renders the page 1`] = `
Object {
  "asFragment": [Function],
  "baseElement": <body>
    <div>
      <div
        class="container"
      >
        <nav
          aria-label="Breadcrumb"
          class="breadcrumb"
          data-testid="breadcrumbs"
        >
          <ol
            class="breadcrumb__items"
          >
            <li
              class="breadcrumb__item u-fs-s"
              id="breadcrumb-1"
            >
              <a
                class="breadcrumb__link"
                href="/"
              >
                Home
              </a>
            </li>
            <li
              class="breadcrumb__item u-fs-s"
              id="breadcrumb-2"
            >
              <a
                class="breadcrumb__link"
                href="/manage-batch/monthly/2019/1"
              >
                Manage Batch January 2019
              </a>
            </li>
            <li
              class="breadcrumb__item u-fs-s breadcrumb__item--current"
              data-testid="breadcrumb-current"
              id="breadcrumb-3"
            >
              Import Survey - Week 1
            </li>
          </ol>
        </nav>
        <h2>
          Import Survey
        </h2>
        <div>
          <dl
            aria-label="This is an example of the metadata component"
            class="metadata metadata__list grid grid--gutterless u-cf u-mb-l"
            title="This is an example of the metadata component"
          >
            <dt
              class="metadata__term grid__col col-2@m"
            >
              Survey
              :
            </dt>
            <dd
              class="metadata__value grid__col col-10@m"
              data-testid="metadata-test-0"
            >
              GB
            </dd>
            <dt
              class="metadata__term grid__col col-2@m"
            >
              Year
              :
            </dt>
            <dd
              class="metadata__value grid__col col-10@m"
              data-testid="metadata-test-1"
            >
              2019
            </dd>
            <dt
              class="metadata__term grid__col col-2@m"
            >
              Period
              :
            </dt>
            <dd
              class="metadata__value grid__col col-10@m"
              data-testid="metadata-test-2"
            >
              Week 1
            </dd>
          </dl>
        </div>
        <div
          style="width: 55%;"
        >
          <h4>
            Previous imports 
          </h4>
          <table
            class="table table--sortable"
            data-aria-asc="ascending"
            data-aria-desc="descending"
            data-aria-sort="Sort by"
            id="basic-table"
          >
            <thead
              class="table__head"
            >
              <tr
                class="table__row"
              >
                <th
                  class="table__header "
                  scope="col"
                >
                  Import Date
                </th>
                <th
                  class="table__header "
                  scope="col"
                >
                  Status
                </th>
              </tr>
            </thead>
            <tbody
              class="table__body "
            >
              <tr>
                <td
                  class="table__cell "
                  colspan="2"
                >
                  <div
                    class="panel panel--info panel--simple "
                  >
                    <div
                      class="panel__body"
                    >
                      <p>
                        Survey has not been previously imported
                      </p>
                    </div>
                  </div>
                </td>
              </tr>
            </tbody>
          </table>
        </div>
        <div
          class="panel panel--info panel--simple "
          data-testid="import=panel"
          hidden=""
        >
          <div
            class="panel__body"
          >
            <p />
          </div>
        </div>
        <br />
        <form>
          <div
            class="field"
          >
            <p
              class="field"
            >
              <label
                class="label"
                for="U1"
              >
                Import GB File
                <br />
                <span
                  class="label__description"
                >
                  Only .sav accepted
                </span>
              </label>
              <input
                accept=".sav"
                class="input input--text input-type__input input--upload"
                id="U1"
                name="Upload 1"
                style="position: static;"
                type="file"
              />
            </p>
          </div>
          <br />
          <button
            class="btn field "
            data-testid="import-button"
            id="import-btn"
            type="button"
          >
            <span
              class="btn__inner"
            >
              Import
            </span>
          </button>
          <a
            class="field"
            href="/manage-batch/monthly/2019/1"
            style="margin-left: 15px;"
          >
            <button
              class="btn field btn--secondary "
              data-testid="button"
              type="button"
            >
              <span
                class="btn__inner"
              >
                Return to Manage Batch
              </span>
            </button>
          </a>
        </form>
        <br />
        <div
          hidden=""
        >
          <h4>
            Import Progress
          </h4>
          <div
            style="width: 60%;"
          >
            <table
              class="table table--sortable"
              data-aria-asc="ascending"
              data-aria-desc="descending"
              data-aria-sort="Sort by"
              id="basic-table"
            >
              <thead
                class="table__head"
              >
                <tr
                  class="table__row"
                >
                  <th
                    class="table__header "
                    scope="col"
                  >
                    File Name 
                  </th>
                  <th
                    class="table__header "
                    scope="col"
                  >
                    Step
                  </th>
                  <th
                    class="table__header "
                    scope="col"
                  >
                    Status
                  </th>
                </tr>
              </thead>
              <tbody
                class="table__body "
              >
                <tr
                  class="table__row nonSelectableTableRow"
                  data-testid="table-row"
                  tabindex="0"
                  title="Table Row"
                >
                  <td
                    class="table__cell "
                  />
                  <td
                    class="table__cell "
                  >
                    Import
                  </td>
                  <td
                    class="table__cell "
                  >
                    <span
                      class="status status--info"
                    />
                  </td>
                </tr>
              </tbody>
            </table>
            <div
              class="field"
            >
              <div
                class="progress-bar"
              >
                <div
                  class="progress-bar-filler"
                  style="width: 0%; background: rgb(136, 136, 136);"
                />
              </div>
            </div>
          </div>
        </div>
        <br />
      </div>
    </div>
  </body>,
  "container": <div>
    <div
      class="container"
    >
      <nav
        aria-label="Breadcrumb"
        class="breadcrumb"
        data-testid="breadcrumbs"
      >
        <ol
          class="breadcrumb__items"
        >
          <li
            class="breadcrumb__item u-fs-s"
            id="breadcrumb-1"
          >
            <a
              class="breadcrumb__link"
              href="/"
            >
              Home
            </a>
          </li>
          <li
            class="breadcrumb__item u-fs-s"
            id="breadcrumb-2"
          >
            <a
              class="breadcrumb__link"
              href="/manage-batch/monthly/2019/1"
            >
              Manage Batch January 2019
            </a>
          </li>
          <li
            class="breadcrumb__item u-fs-s breadcrumb__item--current"
            data-testid="breadcrumb-current"
            id="breadcrumb-3"
          >
            Import Survey - Week 1
          </li>
        </ol>
      </nav>
      <h2>
        Import Survey
      </h2>
      <div>
        <dl
          aria-label="This is an example of the metadata component"
          class="metadata metadata__list grid grid--gutterless u-cf u-mb-l"
          title="This is an example of the metadata component"
        >
          <dt
            class="metadata__term grid__col col-2@m"
          >
            Survey
            :
          </dt>
          <dd
            class="metadata__value grid__col col-10@m"
            data-testid="metadata-test-0"
          >
            GB
          </dd>
          <dt
            class="metadata__term grid__col col-2@m"
          >
            Year
            :
          </dt>
          <dd
            class="metadata__value grid__col col-10@m"
            data-testid="metadata-test-1"
          >
            2019
          </dd>
          <dt
            class="metadata__term grid__col col-2@m"
          >
            Period
            :
          </dt>
          <dd
            class="metadata__value grid__col col-10@m"
            data-testid="metadata-test-2"
          >
            Week 1
          </dd>
        </dl>
      </div>
      <div
        style="width: 55%;"
      >
        <h4>
          Previous imports 
        </h4>
        <table
          class="table table--sortable"
          data-aria-asc="ascending"
          data-aria-desc="descending"
          data-aria-sort="Sort by"
          id="basic-table"
        >
          <thead
            class="table__head"
          >
            <tr
              class="table__row"
            >
              <th
                class="table__header "
                scope="col"
              >
                Import Date
              </th>
              <th
                class="table__header "
                scope="col"
              >
                Status
              </th>
            </tr>
          </thead>
          <tbody
            class="table__body "
          >
            <tr>
              <td
                class="table__cell "
                colspan="2"
              >
                <div
                  class="panel panel--info panel--simple "
                >
                  <div
                    class="panel__body"
                  >
                    <p>
                      Survey has not been previously imported
                    </p>
                  </div>
                </div>
              </td>
            </tr>
          </tbody>
        </table>
      </div>
      <div
        class="panel panel--info panel--simple "
        data-testid="import=panel"
        hidden=""
      >
        <div
          class="panel__body"
        >
          <p />
        </div>
      </div>
      <br />
      <form>
        <div
          class="field"
        >
          <p
            class="field"
          >
            <label
              class="label"
              for="U1"
            >
              Import GB File
              <br />
              <span
                class="label__description"
              >
                Only .sav accepted
              </span>
            </label>
            <input
              accept=".sav"
              class="input input--text input-type__input input--upload"
              id="U1"
              name="Upload 1"
              style="position: static;"
              type="file"
            />
          </p>
        </div>
        <br />
        <button
          class="btn field "
          data-testid="import-button"
          id="import-btn"
          type="button"
        >
          <span
            class="btn__inner"
          >
            Import
          </span>
        </button>
        <a
          class="field"
          href="/manage-batch/monthly/2019/1"
          style="margin-left: 15px;"
        >
          <button
            class="btn field btn--secondary "
            data-testid="button"
            type="button"
          >
            <span
              class="btn__inner"
            >
              Return to Manage Batch
            </span>
          </button>
        </a>
      </form>
      <br />
      <div
        hidden=""
      >
        <h4>
          Import Progress
        </h4>
        <div
          style="width: 60%;"
        >
          <table
            class="table table--sortable"
            data-aria-asc="ascending"
            data-aria-desc="descending"
            data-aria-sort="Sort by"
            id="basic-table"
          >
            <thead
              class="table__head"
            >
              <tr
                class="table__row"
              >
                <th
                  class="table__header "
                  scope="col"
                >
                  File Name 
                </th>
                <th
                  class="table__header "
                  scope="col"
                >
                  Step
                </th>
                <th
                  class="table__header "
                  scope="col"
                >
                  Status
                </th>
              </tr>
            </thead>
            <tbody
              class="table__body "
            >
              <tr
                class="table__row nonSelectableTableRow"
                data-testid="table-row"
                tabindex="0"
                title="Table Row"
              >
                <td
                  class="table__cell "
                />
                <td
                  class="table__cell "
                >
                  Import
                </td>
                <td
                  class="table__cell "
                >
                  <span
                    class="status status--info"
                  />
                </td>
              </tr>
            </tbody>
          </table>
          <div
            class="field"
          >
            <div
              class="progress-bar"
            >
              <div
                class="progress-bar-filler"
                style="width: 0%; background: rgb(136, 136, 136);"
              />
            </div>
          </div>
        </div>
      </div>
      <br />
    </div>
  </div>,
  "debug": [Function],
  "findAllByAltText": [Function],
  "findAllByDisplayValue": [Function],
  "findAllByLabelText": [Function],
  "findAllByPlaceholderText": [Function],
  "findAllByRole": [Function],
  "findAllByTestId": [Function],
  "findAllByText": [Function],
  "findAllByTitle": [Function],
  "findByAltText": [Function],
  "findByDisplayValue": [Function],
  "findByLabelText": [Function],
  "findByPlaceholderText": [Function],
  "findByRole": [Function],
  "findByTestId": [Function],
  "findByText": [Function],
  "findByTitle": [Function],
  "getAllByAltText": [Function],
  "getAllByDisplayValue": [Function],
  "getAllByLabelText": [Function],
  "getAllByPlaceholderText": [Function],
  "getAllByRole": [Function],
  "getAllByTestId": [Function],
  "getAllByText": [Function],
  "getAllByTitle": [Function],
  "getByAltText": [Function],
  "getByDisplayValue": [Function],
  "getByLabelText": [Function],
  "getByPlaceholderText": [Function],
  "getByRole": [Function],
  "getByTestId": [Function],
  "getByText": [Function],
  "getByTitle": [Function],
  "queryAllByAltText": [Function],
  "queryAllByDisplayValue": [Function],
  "queryAllByLabelText": [Function],
  "queryAllByPlaceholderText": [Function],
  "queryAllByRole": [Function],
  "queryAllByTestId": [Function],
  "queryAllByText": [Function],
  "queryAllByTitle": [Function],
  "queryByAltText": [Function],
  "queryByDisplayValue": [Function],
  "queryByLabelText": [Function],
  "queryByPlaceholderText": [Function],
  "queryByRole": [Function],
  "queryByTestId": [Function],
  "queryByText": [Function],
  "queryByTitle": [Function],
  "rerender": [Function],
  "unmount": [Function],
}
`;
